[0m18:52:21.534386 [debug] [MainThread]: Sending event: {'category': 'dbt', 'action': 'invocation', 'label': 'start', 'context': [<snowplow_tracker.self_describing_json.SelfDescribingJson object at 0x11178af90>, <snowplow_tracker.self_describing_json.SelfDescribingJson object at 0x1159c3750>, <snowplow_tracker.self_describing_json.SelfDescribingJson object at 0x1159c39d0>]}


============================== 18:52:21.536558 | a10191da-5553-4183-bf04-28d3b8f01237 ==============================
[0m18:52:21.536558 [info ] [MainThread]: Running with dbt=1.11.7
[0m18:52:21.536799 [debug] [MainThread]: running dbt with arguments {'introspect': 'True', 'warn_error': 'None', 'use_experimental_parser': 'False', 'profiles_dir': '/Users/aezell/.dbt', 'partial_parse': 'True', 'fail_fast': 'False', 'write_json': 'True', 'quiet': 'False', 'log_path': 'logs', 'version_check': 'True', 'log_format': 'default', 'target_path': 'None', 'empty': 'None', 'debug': 'False', 'indirect_selection': 'eager', 'send_anonymous_usage_stats': 'True', 'use_colors': 'True', 'log_cache_events': 'False', 'static_parser': 'True', 'no_print': 'None', 'warn_error_options': 'WarnErrorOptionsV2(error=[], warn=[], silence=[])', 'invocation_command': 'dbt init --skip-profile-setup airbnb', 'printer_width': '80', 'cache_selected_only': 'False'}
[0m18:52:21.563705 [info ] [MainThread]: Creating dbt configuration folder at /Users/aezell/.dbt
[0m18:52:21.564735 [debug] [MainThread]: Starter project path: /Users/aezell/Documents/course/.venv/lib/python3.13/site-packages/dbt/include/starter_project
[0m18:52:21.567888 [info ] [MainThread]: 
Your new dbt project "airbnb" was created!

For more information on how to configure the profiles.yml file,
please consult the dbt documentation here:

  https://docs.getdbt.com/docs/configure-your-profile

One more thing:

Need help? Don't hesitate to reach out to us via GitHub issues or on Slack:

  https://community.getdbt.com/

Happy modeling!

[0m18:52:21.574747 [debug] [MainThread]: Resource report: {"command_name": "init", "command_success": true, "command_wall_clock_time": 0.07316108, "process_in_blocks": "0", "process_kernel_time": 0.111815, "process_mem_max_rss": "121569280", "process_out_blocks": "0", "process_user_time": 0.530771}
[0m18:52:21.575012 [debug] [MainThread]: Command `dbt init` succeeded at 18:52:21.574964 after 0.07 seconds
[0m18:52:21.575150 [debug] [MainThread]: Sending event: {'category': 'dbt', 'action': 'invocation', 'label': 'end', 'context': [<snowplow_tracker.self_describing_json.SelfDescribingJson object at 0x115b68180>, <snowplow_tracker.self_describing_json.SelfDescribingJson object at 0x115b58710>, <snowplow_tracker.self_describing_json.SelfDescribingJson object at 0x115ab0380>]}
[0m18:52:21.575281 [debug] [MainThread]: Flushing usage events
[0m18:52:21.841216 [debug] [MainThread]: An error was encountered while trying to flush usage events
[0m19:49:00.473259 [debug] [MainThread]: Sending event: {'category': 'dbt', 'action': 'invocation', 'label': 'start', 'context': [<snowplow_tracker.self_describing_json.SelfDescribingJson object at 0x10391aa50>, <snowplow_tracker.self_describing_json.SelfDescribingJson object at 0x104e4b610>, <snowplow_tracker.self_describing_json.SelfDescribingJson object at 0x104e4b890>]}


============================== 19:49:00.476237 | 20e2e237-ae40-43bc-928d-534dcaa8937b ==============================
[0m19:49:00.476237 [info ] [MainThread]: Running with dbt=1.11.7
[0m19:49:00.476495 [debug] [MainThread]: running dbt with arguments {'use_experimental_parser': 'False', 'indirect_selection': 'eager', 'warn_error_options': 'WarnErrorOptionsV2(error=[], warn=[], silence=[])', 'static_parser': 'True', 'warn_error': 'None', 'quiet': 'False', 'write_json': 'True', 'fail_fast': 'False', 'empty': 'False', 'version_check': 'True', 'printer_width': '80', 'send_anonymous_usage_stats': 'True', 'profiles_dir': '/Users/aezell/.dbt', 'cache_selected_only': 'False', 'use_colors': 'True', 'partial_parse': 'True', 'target_path': 'None', 'log_cache_events': 'False', 'debug': 'False', 'log_format': 'default', 'introspect': 'True', 'invocation_command': 'dbt run', 'log_path': 'logs', 'no_print': 'None'}
[0m19:49:00.476872 [error] [MainThread]: Encountered an error:
Runtime Error
  No dbt_project.yml found at expected path /Users/aezell/Documents/course/dbt_project.yml
  Verify that each entry within packages.yml (and their transitive dependencies) contains a file named dbt_project.yml
  
[0m19:49:00.478635 [debug] [MainThread]: Resource report: {"command_name": "run", "command_success": false, "command_wall_clock_time": 0.04464254, "process_in_blocks": "0", "process_kernel_time": 0.134047, "process_mem_max_rss": "117669888", "process_out_blocks": "0", "process_user_time": 0.576745}
[0m19:49:00.478843 [debug] [MainThread]: Command `dbt run` failed at 19:49:00.478803 after 0.04 seconds
[0m19:49:00.478970 [debug] [MainThread]: Sending event: {'category': 'dbt', 'action': 'invocation', 'label': 'end', 'context': [<snowplow_tracker.self_describing_json.SelfDescribingJson object at 0x104e91220>, <snowplow_tracker.self_describing_json.SelfDescribingJson object at 0x104d2ee70>, <snowplow_tracker.self_describing_json.SelfDescribingJson object at 0x104ef8050>]}
[0m19:49:00.479080 [debug] [MainThread]: Flushing usage events
[0m19:49:00.750850 [debug] [MainThread]: An error was encountered while trying to flush usage events
[0m19:50:28.158387 [debug] [MainThread]: Sending event: {'category': 'dbt', 'action': 'invocation', 'label': 'start', 'context': [<snowplow_tracker.self_describing_json.SelfDescribingJson object at 0x1080fea50>, <snowplow_tracker.self_describing_json.SelfDescribingJson object at 0x109cbb610>, <snowplow_tracker.self_describing_json.SelfDescribingJson object at 0x109cbb890>]}


============================== 19:50:28.160681 | 7e70addf-9003-4de2-bd39-efe20350c9cb ==============================
[0m19:50:28.160681 [info ] [MainThread]: Running with dbt=1.11.7
[0m19:50:28.160938 [debug] [MainThread]: running dbt with arguments {'fail_fast': 'False', 'send_anonymous_usage_stats': 'True', 'version_check': 'True', 'no_print': 'None', 'printer_width': '80', 'write_json': 'True', 'indirect_selection': 'eager', 'warn_error': 'None', 'introspect': 'True', 'log_format': 'default', 'partial_parse': 'True', 'use_experimental_parser': 'False', 'profiles_dir': '/Users/aezell/.dbt', 'log_cache_events': 'False', 'empty': 'False', 'use_colors': 'True', 'target_path': 'None', 'log_path': '/Users/aezell/Documents/course/logs', 'warn_error_options': 'WarnErrorOptionsV2(error=[], warn=[], silence=[])', 'static_parser': 'True', 'cache_selected_only': 'False', 'invocation_command': 'dbt run', 'quiet': 'False', 'debug': 'False'}
[0m19:50:28.162049 [error] [MainThread]: Encountered an error:
Runtime Error
  Could not find profile named 'airbnb'
[0m19:50:28.163713 [debug] [MainThread]: Resource report: {"command_name": "run", "command_success": false, "command_wall_clock_time": 0.035655707, "process_in_blocks": "0", "process_kernel_time": 0.098508, "process_mem_max_rss": "116310016", "process_out_blocks": "0", "process_user_time": 0.490922}
[0m19:50:28.163891 [debug] [MainThread]: Command `dbt run` failed at 19:50:28.163855 after 0.04 seconds
[0m19:50:28.164009 [debug] [MainThread]: Sending event: {'category': 'dbt', 'action': 'invocation', 'label': 'end', 'context': [<snowplow_tracker.self_describing_json.SelfDescribingJson object at 0x109d01a70>, <snowplow_tracker.self_describing_json.SelfDescribingJson object at 0x109b9f0b0>, <snowplow_tracker.self_describing_json.SelfDescribingJson object at 0x109d6c160>]}
[0m19:50:28.164121 [debug] [MainThread]: Flushing usage events
[0m19:50:28.421061 [debug] [MainThread]: An error was encountered while trying to flush usage events
[0m19:52:20.080460 [debug] [MainThread]: Sending event: {'category': 'dbt', 'action': 'invocation', 'label': 'start', 'context': [<snowplow_tracker.self_describing_json.SelfDescribingJson object at 0x10866aa50>, <snowplow_tracker.self_describing_json.SelfDescribingJson object at 0x109b97610>, <snowplow_tracker.self_describing_json.SelfDescribingJson object at 0x109b97890>]}


============================== 19:52:20.082826 | 5291b7bc-78fd-480c-98e9-d0609d42bcc6 ==============================
[0m19:52:20.082826 [info ] [MainThread]: Running with dbt=1.11.7
[0m19:52:20.083086 [debug] [MainThread]: running dbt with arguments {'debug': 'False', 'warn_error_options': 'WarnErrorOptionsV2(error=[], warn=[], silence=[])', 'profiles_dir': '/Users/aezell/Documents/course', 'cache_selected_only': 'False', 'quiet': 'False', 'empty': 'False', 'write_json': 'True', 'no_print': 'None', 'introspect': 'True', 'version_check': 'True', 'log_format': 'default', 'invocation_command': 'dbt run', 'use_experimental_parser': 'False', 'log_cache_events': 'False', 'indirect_selection': 'eager', 'printer_width': '80', 'send_anonymous_usage_stats': 'True', 'warn_error': 'None', 'static_parser': 'True', 'use_colors': 'True', 'fail_fast': 'False', 'partial_parse': 'True', 'log_path': '/Users/aezell/Documents/course/logs', 'target_path': 'None'}
[0m19:52:20.253521 [debug] [MainThread]: Snowflake adapter: Setting snowflake.connector to ERROR (file logging only)
[0m19:52:20.253745 [debug] [MainThread]: Snowflake adapter: Setting botocore to ERROR (file logging only)
[0m19:52:20.253928 [debug] [MainThread]: Snowflake adapter: Setting boto3 to ERROR (file logging only)
[0m19:52:20.280302 [warn ] [MainThread]: [[33mWARNING[0m][MissingPlusPrefixDeprecation]: Deprecated functionality
Missing '+' prefix on `airbnb` found at `airbnb` in file
`/Users/aezell/Documents/course/dbt_project.yml`. Hierarchical config values
without a '+' prefix are deprecated in dbt_project.yml.
[0m19:52:20.280522 [debug] [MainThread]: Sending event: {'category': 'dbt', 'action': 'deprecation', 'label': '5291b7bc-78fd-480c-98e9-d0609d42bcc6', 'property_': 'warn', 'context': [<snowplow_tracker.self_describing_json.SelfDescribingJson object at 0x10adb9e00>]}
[0m19:52:20.330779 [debug] [MainThread]: Sending event: {'category': 'dbt', 'action': 'project_id', 'label': '5291b7bc-78fd-480c-98e9-d0609d42bcc6', 'context': [<snowplow_tracker.self_describing_json.SelfDescribingJson object at 0x10ae06e00>]}
[0m19:52:20.358491 [debug] [MainThread]: Sending event: {'category': 'dbt', 'action': 'adapter_info', 'label': '5291b7bc-78fd-480c-98e9-d0609d42bcc6', 'context': [<snowplow_tracker.self_describing_json.SelfDescribingJson object at 0x1099e7c50>]}
[0m19:52:20.359075 [info ] [MainThread]: Registered adapter: snowflake=1.11.3
[0m19:52:20.404300 [debug] [MainThread]: checksum: b80718358155fc17c3559352095564dd56ada1cc1a1c0ef2e62c857e71583775, vars: {}, profile: , target: , version: 1.11.7
[0m19:52:20.404666 [info ] [MainThread]: Unable to do partial parsing because saved manifest not found. Starting full parse.
[0m19:52:20.404808 [debug] [MainThread]: Sending event: {'category': 'dbt', 'action': 'partial_parser', 'label': '5291b7bc-78fd-480c-98e9-d0609d42bcc6', 'context': [<snowplow_tracker.self_describing_json.SelfDescribingJson object at 0x10ac655e0>]}
[0m19:52:20.691384 [warn ] [MainThread]: [[33mWARNING[0m]: Configuration paths exist in your dbt_project.yml file which do not apply to any resources.
There are 1 unused configuration paths:
- models
[0m19:52:20.693097 [debug] [MainThread]: Sending event: {'category': 'dbt', 'action': 'load_project', 'label': '5291b7bc-78fd-480c-98e9-d0609d42bcc6', 'context': [<snowplow_tracker.self_describing_json.SelfDescribingJson object at 0x10bb799b0>]}
[0m19:52:20.707171 [debug] [MainThread]: Wrote artifact WritableManifest to /Users/aezell/Documents/course/target/manifest.json
[0m19:52:20.708302 [debug] [MainThread]: Wrote artifact SemanticManifest to /Users/aezell/Documents/course/target/semantic_manifest.json
[0m19:52:20.725153 [debug] [MainThread]: Sending event: {'category': 'dbt', 'action': 'resource_counts', 'label': '5291b7bc-78fd-480c-98e9-d0609d42bcc6', 'context': [<snowplow_tracker.self_describing_json.SelfDescribingJson object at 0x10bb6c600>]}
[0m19:52:20.725353 [info ] [MainThread]: Found 522 macros
[0m19:52:20.725485 [debug] [MainThread]: Sending event: {'category': 'dbt', 'action': 'runnable_timing', 'label': '5291b7bc-78fd-480c-98e9-d0609d42bcc6', 'context': [<snowplow_tracker.self_describing_json.SelfDescribingJson object at 0x10bb96b10>]}
[0m19:52:20.726011 [warn ] [MainThread]: Nothing to do. Try checking your model configs and model specification args
[0m19:52:20.726203 [debug] [MainThread]: Command end result
[0m19:52:20.733031 [debug] [MainThread]: Wrote artifact WritableManifest to /Users/aezell/Documents/course/target/manifest.json
[0m19:52:20.733873 [debug] [MainThread]: Wrote artifact SemanticManifest to /Users/aezell/Documents/course/target/semantic_manifest.json
[0m19:52:20.735122 [debug] [MainThread]: Wrote artifact RunExecutionResult to /Users/aezell/Documents/course/target/run_results.json
[0m19:52:20.735321 [warn ] [MainThread]: [[33mWARNING[0m][DeprecationsSummary]: Deprecated functionality
Summary of encountered deprecations:
- MissingPlusPrefixDeprecation: 1 occurrence
To see all deprecation instances instead of just the first occurrence of each,
run command again with the `--show-all-deprecations` flag. You may also need to
run with `--no-partial-parse` as some deprecations are only encountered during
parsing.
[0m19:52:20.737355 [debug] [MainThread]: Resource report: {"command_name": "run", "command_success": true, "command_wall_clock_time": 0.6886104, "process_in_blocks": "0", "process_kernel_time": 0.168996, "process_mem_max_rss": "160530432", "process_out_blocks": "0", "process_user_time": 1.019045}
[0m19:52:20.737769 [debug] [MainThread]: Command `dbt run` succeeded at 19:52:20.737699 after 0.69 seconds
[0m19:52:20.737965 [debug] [MainThread]: Sending event: {'category': 'dbt', 'action': 'invocation', 'label': 'end', 'context': [<snowplow_tracker.self_describing_json.SelfDescribingJson object at 0x10bbb7ee0>, <snowplow_tracker.self_describing_json.SelfDescribingJson object at 0x10bc1ac10>, <snowplow_tracker.self_describing_json.SelfDescribingJson object at 0x10bc1acb0>]}
[0m19:52:20.738118 [debug] [MainThread]: Flushing usage events
[0m19:52:21.042379 [debug] [MainThread]: An error was encountered while trying to flush usage events
[0m19:54:08.095221 [debug] [MainThread]: Sending event: {'category': 'dbt', 'action': 'invocation', 'label': 'start', 'context': [<snowplow_tracker.self_describing_json.SelfDescribingJson object at 0x11089ea50>, <snowplow_tracker.self_describing_json.SelfDescribingJson object at 0x1123bb610>, <snowplow_tracker.self_describing_json.SelfDescribingJson object at 0x1123bb890>]}


============================== 19:54:08.097595 | f124e5c4-ba31-4362-86a5-a612ae5841b5 ==============================
[0m19:54:08.097595 [info ] [MainThread]: Running with dbt=1.11.7
[0m19:54:08.097843 [debug] [MainThread]: running dbt with arguments {'printer_width': '80', 'indirect_selection': 'eager', 'log_format': 'default', 'use_experimental_parser': 'False', 'static_parser': 'True', 'use_colors': 'True', 'cache_selected_only': 'False', 'profiles_dir': '/Users/aezell/Documents/course', 'write_json': 'True', 'empty': 'False', 'no_print': 'None', 'fail_fast': 'False', 'warn_error': 'None', 'quiet': 'False', 'invocation_command': 'dbt run', 'warn_error_options': 'WarnErrorOptionsV2(error=[], warn=[], silence=[])', 'target_path': 'None', 'introspect': 'True', 'log_path': '/Users/aezell/Documents/course/logs', 'version_check': 'True', 'log_cache_events': 'False', 'send_anonymous_usage_stats': 'True', 'partial_parse': 'True', 'debug': 'False'}
[0m19:54:08.266909 [debug] [MainThread]: Snowflake adapter: Setting snowflake.connector to ERROR (file logging only)
[0m19:54:08.267120 [debug] [MainThread]: Snowflake adapter: Setting botocore to ERROR (file logging only)
[0m19:54:08.267231 [debug] [MainThread]: Snowflake adapter: Setting boto3 to ERROR (file logging only)
[0m19:54:08.340443 [debug] [MainThread]: Sending event: {'category': 'dbt', 'action': 'project_id', 'label': 'f124e5c4-ba31-4362-86a5-a612ae5841b5', 'context': [<snowplow_tracker.self_describing_json.SelfDescribingJson object at 0x1112e8640>]}
[0m19:54:08.366175 [debug] [MainThread]: Sending event: {'category': 'dbt', 'action': 'adapter_info', 'label': 'f124e5c4-ba31-4362-86a5-a612ae5841b5', 'context': [<snowplow_tracker.self_describing_json.SelfDescribingJson object at 0x11568a580>]}
[0m19:54:08.366668 [info ] [MainThread]: Registered adapter: snowflake=1.11.3
[0m19:54:08.408562 [debug] [MainThread]: checksum: b80718358155fc17c3559352095564dd56ada1cc1a1c0ef2e62c857e71583775, vars: {}, profile: , target: , version: 1.11.7
[0m19:54:08.423452 [info ] [MainThread]: Unable to do partial parsing because a project config has changed
[0m19:54:08.423652 [debug] [MainThread]: Sending event: {'category': 'dbt', 'action': 'partial_parser', 'label': 'f124e5c4-ba31-4362-86a5-a612ae5841b5', 'context': [<snowplow_tracker.self_describing_json.SelfDescribingJson object at 0x114b49d50>]}
[0m19:54:08.710330 [warn ] [MainThread]: [[33mWARNING[0m]: Configuration paths exist in your dbt_project.yml file which do not apply to any resources.
There are 1 unused configuration paths:
- models.airbnb
[0m19:54:08.712184 [debug] [MainThread]: Sending event: {'category': 'dbt', 'action': 'load_project', 'label': 'f124e5c4-ba31-4362-86a5-a612ae5841b5', 'context': [<snowplow_tracker.self_describing_json.SelfDescribingJson object at 0x114bca6c0>]}
[0m19:54:08.727592 [debug] [MainThread]: Wrote artifact WritableManifest to /Users/aezell/Documents/course/target/manifest.json
[0m19:54:08.729462 [debug] [MainThread]: Wrote artifact SemanticManifest to /Users/aezell/Documents/course/target/semantic_manifest.json
[0m19:54:08.741164 [debug] [MainThread]: Sending event: {'category': 'dbt', 'action': 'resource_counts', 'label': 'f124e5c4-ba31-4362-86a5-a612ae5841b5', 'context': [<snowplow_tracker.self_describing_json.SelfDescribingJson object at 0x115e22dd0>]}
[0m19:54:08.741410 [info ] [MainThread]: Found 522 macros
[0m19:54:08.741569 [debug] [MainThread]: Sending event: {'category': 'dbt', 'action': 'runnable_timing', 'label': 'f124e5c4-ba31-4362-86a5-a612ae5841b5', 'context': [<snowplow_tracker.self_describing_json.SelfDescribingJson object at 0x115e9c2c0>]}
[0m19:54:08.742163 [warn ] [MainThread]: Nothing to do. Try checking your model configs and model specification args
[0m19:54:08.742378 [debug] [MainThread]: Command end result
[0m19:54:08.750421 [debug] [MainThread]: Wrote artifact WritableManifest to /Users/aezell/Documents/course/target/manifest.json
[0m19:54:08.751237 [debug] [MainThread]: Wrote artifact SemanticManifest to /Users/aezell/Documents/course/target/semantic_manifest.json
[0m19:54:08.753357 [debug] [MainThread]: Wrote artifact RunExecutionResult to /Users/aezell/Documents/course/target/run_results.json
[0m19:54:08.760299 [debug] [MainThread]: Resource report: {"command_name": "run", "command_success": true, "command_wall_clock_time": 0.6970658, "process_in_blocks": "0", "process_kernel_time": 0.180843, "process_mem_max_rss": "158367744", "process_out_blocks": "0", "process_user_time": 1.014328}
[0m19:54:08.760935 [debug] [MainThread]: Command `dbt run` succeeded at 19:54:08.760893 after 0.70 seconds
[0m19:54:08.761147 [debug] [MainThread]: Sending event: {'category': 'dbt', 'action': 'invocation', 'label': 'end', 'context': [<snowplow_tracker.self_describing_json.SelfDescribingJson object at 0x1121c7950>, <snowplow_tracker.self_describing_json.SelfDescribingJson object at 0x115ef9230>, <snowplow_tracker.self_describing_json.SelfDescribingJson object at 0x115ef9390>]}
[0m19:54:08.761339 [debug] [MainThread]: Flushing usage events
[0m19:54:09.027836 [debug] [MainThread]: An error was encountered while trying to flush usage events
[0m19:56:15.023779 [debug] [MainThread]: Sending event: {'category': 'dbt', 'action': 'invocation', 'label': 'start', 'context': [<snowplow_tracker.self_describing_json.SelfDescribingJson object at 0x11310ea50>, <snowplow_tracker.self_describing_json.SelfDescribingJson object at 0x1150bf610>, <snowplow_tracker.self_describing_json.SelfDescribingJson object at 0x1150bf890>]}


============================== 19:56:15.026125 | 04493077-934b-4c9d-a635-628b5bd3a4a1 ==============================
[0m19:56:15.026125 [info ] [MainThread]: Running with dbt=1.11.7
[0m19:56:15.026365 [debug] [MainThread]: running dbt with arguments {'warn_error': 'None', 'cache_selected_only': 'False', 'write_json': 'True', 'log_path': '/Users/aezell/Documents/course/logs', 'introspect': 'True', 'indirect_selection': 'eager', 'use_colors': 'True', 'static_parser': 'True', 'partial_parse': 'True', 'no_print': 'None', 'invocation_command': 'dbt run', 'warn_error_options': 'WarnErrorOptionsV2(error=[], warn=[], silence=[])', 'profiles_dir': '/Users/aezell/Documents/course', 'empty': 'False', 'target_path': 'None', 'log_cache_events': 'False', 'use_experimental_parser': 'False', 'printer_width': '80', 'version_check': 'True', 'debug': 'False', 'send_anonymous_usage_stats': 'True', 'quiet': 'False', 'fail_fast': 'False', 'log_format': 'default'}
[0m19:56:15.204414 [debug] [MainThread]: Snowflake adapter: Setting snowflake.connector to ERROR (file logging only)
[0m19:56:15.204629 [debug] [MainThread]: Snowflake adapter: Setting botocore to ERROR (file logging only)
[0m19:56:15.204739 [debug] [MainThread]: Snowflake adapter: Setting boto3 to ERROR (file logging only)
[0m19:56:15.279963 [debug] [MainThread]: Sending event: {'category': 'dbt', 'action': 'project_id', 'label': '04493077-934b-4c9d-a635-628b5bd3a4a1', 'context': [<snowplow_tracker.self_describing_json.SelfDescribingJson object at 0x1137e8640>]}
[0m19:56:15.305735 [debug] [MainThread]: Sending event: {'category': 'dbt', 'action': 'adapter_info', 'label': '04493077-934b-4c9d-a635-628b5bd3a4a1', 'context': [<snowplow_tracker.self_describing_json.SelfDescribingJson object at 0x117012580>]}
[0m19:56:15.306103 [info ] [MainThread]: Registered adapter: snowflake=1.11.3
[0m19:56:15.348710 [debug] [MainThread]: checksum: b80718358155fc17c3559352095564dd56ada1cc1a1c0ef2e62c857e71583775, vars: {}, profile: , target: , version: 1.11.7
[0m19:56:15.364012 [info ] [MainThread]: Unable to do partial parsing because a project config has changed
[0m19:56:15.364228 [debug] [MainThread]: Sending event: {'category': 'dbt', 'action': 'partial_parser', 'label': '04493077-934b-4c9d-a635-628b5bd3a4a1', 'context': [<snowplow_tracker.self_describing_json.SelfDescribingJson object at 0x116449d50>]}
[0m19:56:15.635242 [debug] [MainThread]: Sending event: {'category': 'dbt', 'action': 'load_project', 'label': '04493077-934b-4c9d-a635-628b5bd3a4a1', 'context': [<snowplow_tracker.self_describing_json.SelfDescribingJson object at 0x1164cab70>]}
[0m19:56:15.648151 [debug] [MainThread]: Wrote artifact WritableManifest to /Users/aezell/Documents/course/target/manifest.json
[0m19:56:15.649094 [debug] [MainThread]: Wrote artifact SemanticManifest to /Users/aezell/Documents/course/target/semantic_manifest.json
[0m19:56:15.659150 [debug] [MainThread]: Sending event: {'category': 'dbt', 'action': 'resource_counts', 'label': '04493077-934b-4c9d-a635-628b5bd3a4a1', 'context': [<snowplow_tracker.self_describing_json.SelfDescribingJson object at 0x1173badd0>]}
[0m19:56:15.659323 [info ] [MainThread]: Found 522 macros
[0m19:56:15.659441 [debug] [MainThread]: Sending event: {'category': 'dbt', 'action': 'runnable_timing', 'label': '04493077-934b-4c9d-a635-628b5bd3a4a1', 'context': [<snowplow_tracker.self_describing_json.SelfDescribingJson object at 0x117427c70>]}
[0m19:56:15.659980 [warn ] [MainThread]: Nothing to do. Try checking your model configs and model specification args
[0m19:56:15.660187 [debug] [MainThread]: Command end result
[0m19:56:15.666815 [debug] [MainThread]: Wrote artifact WritableManifest to /Users/aezell/Documents/course/target/manifest.json
[0m19:56:15.667497 [debug] [MainThread]: Wrote artifact SemanticManifest to /Users/aezell/Documents/course/target/semantic_manifest.json
[0m19:56:15.669340 [debug] [MainThread]: Wrote artifact RunExecutionResult to /Users/aezell/Documents/course/target/run_results.json
[0m19:56:15.670966 [debug] [MainThread]: Resource report: {"command_name": "run", "command_success": true, "command_wall_clock_time": 0.6778911, "process_in_blocks": "0", "process_kernel_time": 0.175472, "process_mem_max_rss": "159072256", "process_out_blocks": "0", "process_user_time": 0.996885}
[0m19:56:15.671192 [debug] [MainThread]: Command `dbt run` succeeded at 19:56:15.671156 after 0.68 seconds
[0m19:56:15.671331 [debug] [MainThread]: Sending event: {'category': 'dbt', 'action': 'invocation', 'label': 'end', 'context': [<snowplow_tracker.self_describing_json.SelfDescribingJson object at 0x114dc7950>, <snowplow_tracker.self_describing_json.SelfDescribingJson object at 0x1173cd230>, <snowplow_tracker.self_describing_json.SelfDescribingJson object at 0x1173cd390>]}
[0m19:56:15.671448 [debug] [MainThread]: Flushing usage events
[0m19:56:15.890540 [debug] [MainThread]: An error was encountered while trying to flush usage events
[0m19:56:45.584367 [debug] [MainThread]: Sending event: {'category': 'dbt', 'action': 'invocation', 'label': 'start', 'context': [<snowplow_tracker.self_describing_json.SelfDescribingJson object at 0x103a2ea50>, <snowplow_tracker.self_describing_json.SelfDescribingJson object at 0x104f5b610>, <snowplow_tracker.self_describing_json.SelfDescribingJson object at 0x104f5b890>]}


============================== 19:56:45.586076 | 3973d7d4-b712-49df-bdeb-5e819434a802 ==============================
[0m19:56:45.586076 [info ] [MainThread]: Running with dbt=1.11.7
[0m19:56:45.586322 [debug] [MainThread]: running dbt with arguments {'indirect_selection': 'eager', 'send_anonymous_usage_stats': 'True', 'profiles_dir': '/Users/aezell/Documents/course', 'static_parser': 'True', 'target_path': 'None', 'version_check': 'True', 'log_path': '/Users/aezell/Documents/course/logs', 'fail_fast': 'False', 'write_json': 'True', 'printer_width': '80', 'partial_parse': 'True', 'introspect': 'True', 'quiet': 'False', 'log_cache_events': 'False', 'debug': 'False', 'warn_error_options': 'WarnErrorOptionsV2(error=[], warn=[], silence=[])', 'empty': 'False', 'log_format': 'default', 'no_print': 'None', 'warn_error': 'None', 'use_colors': 'True', 'invocation_command': 'dbt run', 'cache_selected_only': 'False', 'use_experimental_parser': 'False'}
[0m19:56:45.698700 [debug] [MainThread]: Snowflake adapter: Setting snowflake.connector to ERROR (file logging only)
[0m19:56:45.698917 [debug] [MainThread]: Snowflake adapter: Setting botocore to ERROR (file logging only)
[0m19:56:45.699037 [debug] [MainThread]: Snowflake adapter: Setting boto3 to ERROR (file logging only)
[0m19:56:45.726586 [warn ] [MainThread]: [[33mWARNING[0m][MissingPlusPrefixDeprecation]: Deprecated functionality
Missing '+' prefix on `src` found at `src` in file
`/Users/aezell/Documents/course/dbt_project.yml`. Hierarchical config values
without a '+' prefix are deprecated in dbt_project.yml.
[0m19:56:45.726841 [debug] [MainThread]: Sending event: {'category': 'dbt', 'action': 'deprecation', 'label': '3973d7d4-b712-49df-bdeb-5e819434a802', 'property_': 'warn', 'context': [<snowplow_tracker.self_describing_json.SelfDescribingJson object at 0x10617df30>]}
[0m19:56:45.775948 [debug] [MainThread]: Sending event: {'category': 'dbt', 'action': 'project_id', 'label': '3973d7d4-b712-49df-bdeb-5e819434a802', 'context': [<snowplow_tracker.self_describing_json.SelfDescribingJson object at 0x1061cae00>]}
[0m19:56:45.801705 [debug] [MainThread]: Sending event: {'category': 'dbt', 'action': 'adapter_info', 'label': '3973d7d4-b712-49df-bdeb-5e819434a802', 'context': [<snowplow_tracker.self_describing_json.SelfDescribingJson object at 0x104dabc50>]}
[0m19:56:45.802184 [info ] [MainThread]: Registered adapter: snowflake=1.11.3
[0m19:56:45.840544 [debug] [MainThread]: checksum: b80718358155fc17c3559352095564dd56ada1cc1a1c0ef2e62c857e71583775, vars: {}, profile: , target: , version: 1.11.7
[0m19:56:45.855059 [info ] [MainThread]: Unable to do partial parsing because a project config has changed
[0m19:56:45.855272 [debug] [MainThread]: Sending event: {'category': 'dbt', 'action': 'partial_parser', 'label': '3973d7d4-b712-49df-bdeb-5e819434a802', 'context': [<snowplow_tracker.self_describing_json.SelfDescribingJson object at 0x10602a210>]}
[0m19:56:46.112892 [warn ] [MainThread]: [[33mWARNING[0m]: Configuration paths exist in your dbt_project.yml file which do not apply to any resources.
There are 1 unused configuration paths:
- models
[0m19:56:46.114645 [debug] [MainThread]: Sending event: {'category': 'dbt', 'action': 'load_project', 'label': '3973d7d4-b712-49df-bdeb-5e819434a802', 'context': [<snowplow_tracker.self_describing_json.SelfDescribingJson object at 0x10636fd90>]}
[0m19:56:46.127521 [debug] [MainThread]: Wrote artifact WritableManifest to /Users/aezell/Documents/course/target/manifest.json
[0m19:56:46.128290 [debug] [MainThread]: Wrote artifact SemanticManifest to /Users/aezell/Documents/course/target/semantic_manifest.json
[0m19:56:46.133431 [debug] [MainThread]: Sending event: {'category': 'dbt', 'action': 'resource_counts', 'label': '3973d7d4-b712-49df-bdeb-5e819434a802', 'context': [<snowplow_tracker.self_describing_json.SelfDescribingJson object at 0x106f0f450>]}
[0m19:56:46.133600 [info ] [MainThread]: Found 522 macros
[0m19:56:46.133717 [debug] [MainThread]: Sending event: {'category': 'dbt', 'action': 'runnable_timing', 'label': '3973d7d4-b712-49df-bdeb-5e819434a802', 'context': [<snowplow_tracker.self_describing_json.SelfDescribingJson object at 0x106f3f350>]}
[0m19:56:46.134241 [warn ] [MainThread]: Nothing to do. Try checking your model configs and model specification args
[0m19:56:46.134448 [debug] [MainThread]: Command end result
[0m19:56:46.141639 [debug] [MainThread]: Wrote artifact WritableManifest to /Users/aezell/Documents/course/target/manifest.json
[0m19:56:46.142422 [debug] [MainThread]: Wrote artifact SemanticManifest to /Users/aezell/Documents/course/target/semantic_manifest.json
[0m19:56:46.143738 [debug] [MainThread]: Wrote artifact RunExecutionResult to /Users/aezell/Documents/course/target/run_results.json
[0m19:56:46.143967 [warn ] [MainThread]: [[33mWARNING[0m][DeprecationsSummary]: Deprecated functionality
Summary of encountered deprecations:
- MissingPlusPrefixDeprecation: 1 occurrence
To see all deprecation instances instead of just the first occurrence of each,
run command again with the `--show-all-deprecations` flag. You may also need to
run with `--no-partial-parse` as some deprecations are only encountered during
parsing.
[0m19:56:46.145440 [debug] [MainThread]: Resource report: {"command_name": "run", "command_success": true, "command_wall_clock_time": 0.589568, "process_in_blocks": "0", "process_kernel_time": 0.143383, "process_mem_max_rss": "159121408", "process_out_blocks": "0", "process_user_time": 0.997464}
[0m19:56:46.145695 [debug] [MainThread]: Command `dbt run` succeeded at 19:56:46.145655 after 0.59 seconds
[0m19:56:46.145858 [debug] [MainThread]: Sending event: {'category': 'dbt', 'action': 'invocation', 'label': 'end', 'context': [<snowplow_tracker.self_describing_json.SelfDescribingJson object at 0x106f65230>, <snowplow_tracker.self_describing_json.SelfDescribingJson object at 0x1061c2990>, <snowplow_tracker.self_describing_json.SelfDescribingJson object at 0x1061c20d0>]}
[0m19:56:46.146002 [debug] [MainThread]: Flushing usage events
[0m19:56:46.321863 [debug] [MainThread]: An error was encountered while trying to flush usage events
[0m19:57:29.914093 [debug] [MainThread]: Sending event: {'category': 'dbt', 'action': 'invocation', 'label': 'start', 'context': [<snowplow_tracker.self_describing_json.SelfDescribingJson object at 0x106476a50>, <snowplow_tracker.self_describing_json.SelfDescribingJson object at 0x1079a3610>, <snowplow_tracker.self_describing_json.SelfDescribingJson object at 0x1079a3890>]}


============================== 19:57:29.915905 | c2ac7001-463f-4013-b09e-6f2bbaf251f6 ==============================
[0m19:57:29.915905 [info ] [MainThread]: Running with dbt=1.11.7
[0m19:57:29.916163 [debug] [MainThread]: running dbt with arguments {'invocation_command': 'dbt run', 'introspect': 'True', 'log_cache_events': 'False', 'use_colors': 'True', 'no_print': 'None', 'send_anonymous_usage_stats': 'True', 'quiet': 'False', 'write_json': 'True', 'empty': 'False', 'use_experimental_parser': 'False', 'cache_selected_only': 'False', 'log_path': 'logs', 'partial_parse': 'True', 'profiles_dir': '/Users/aezell/.dbt', 'printer_width': '80', 'warn_error_options': 'WarnErrorOptionsV2(error=[], warn=[], silence=[])', 'debug': 'False', 'version_check': 'True', 'log_format': 'default', 'indirect_selection': 'eager', 'static_parser': 'True', 'target_path': 'None', 'fail_fast': 'False', 'warn_error': 'None'}
[0m19:57:29.916394 [error] [MainThread]: Encountered an error:
Runtime Error
  No dbt_project.yml found at expected path /Users/aezell/Documents/course/dbt_project.yml
  Verify that each entry within packages.yml (and their transitive dependencies) contains a file named dbt_project.yml
  
[0m19:57:29.917526 [debug] [MainThread]: Resource report: {"command_name": "run", "command_success": false, "command_wall_clock_time": 0.032168332, "process_in_blocks": "0", "process_kernel_time": 0.086615, "process_mem_max_rss": "116850688", "process_out_blocks": "0", "process_user_time": 0.494216}
[0m19:57:29.917712 [debug] [MainThread]: Command `dbt run` failed at 19:57:29.917677 after 0.03 seconds
[0m19:57:29.917853 [debug] [MainThread]: Sending event: {'category': 'dbt', 'action': 'invocation', 'label': 'end', 'context': [<snowplow_tracker.self_describing_json.SelfDescribingJson object at 0x1079e9220>, <snowplow_tracker.self_describing_json.SelfDescribingJson object at 0x10788ae70>, <snowplow_tracker.self_describing_json.SelfDescribingJson object at 0x107a50050>]}
[0m19:57:29.917963 [debug] [MainThread]: Flushing usage events
[0m19:57:30.076782 [debug] [MainThread]: An error was encountered while trying to flush usage events
[0m19:58:41.472079 [debug] [MainThread]: Sending event: {'category': 'dbt', 'action': 'invocation', 'label': 'start', 'context': [<snowplow_tracker.self_describing_json.SelfDescribingJson object at 0x105ecaa50>, <snowplow_tracker.self_describing_json.SelfDescribingJson object at 0x1073f7610>, <snowplow_tracker.self_describing_json.SelfDescribingJson object at 0x1073f7890>]}


============================== 19:58:41.473846 | 4486adb7-393b-4c1b-8dc7-a791415aca40 ==============================
[0m19:58:41.473846 [info ] [MainThread]: Running with dbt=1.11.7
[0m19:58:41.474091 [debug] [MainThread]: running dbt with arguments {'indirect_selection': 'eager', 'cache_selected_only': 'False', 'introspect': 'True', 'fail_fast': 'False', 'version_check': 'True', 'static_parser': 'True', 'write_json': 'True', 'log_cache_events': 'False', 'warn_error_options': 'WarnErrorOptionsV2(error=[], warn=[], silence=[])', 'quiet': 'False', 'invocation_command': 'dbt run', 'log_format': 'default', 'partial_parse': 'True', 'debug': 'False', 'log_path': 'logs', 'printer_width': '80', 'warn_error': 'None', 'use_experimental_parser': 'False', 'empty': 'False', 'profiles_dir': '/Users/aezell/.dbt', 'target_path': 'None', 'no_print': 'None', 'use_colors': 'True', 'send_anonymous_usage_stats': 'True'}
[0m19:58:41.474298 [error] [MainThread]: Encountered an error:
Runtime Error
  No dbt_project.yml found at expected path /Users/aezell/Documents/course/dbt_project.yml
  Verify that each entry within packages.yml (and their transitive dependencies) contains a file named dbt_project.yml
  
[0m19:58:41.475382 [debug] [MainThread]: Resource report: {"command_name": "run", "command_success": false, "command_wall_clock_time": 0.032143667, "process_in_blocks": "0", "process_kernel_time": 0.0884, "process_mem_max_rss": "117358592", "process_out_blocks": "0", "process_user_time": 0.489373}
[0m19:58:41.475566 [debug] [MainThread]: Command `dbt run` failed at 19:58:41.475533 after 0.03 seconds
[0m19:58:41.475686 [debug] [MainThread]: Sending event: {'category': 'dbt', 'action': 'invocation', 'label': 'end', 'context': [<snowplow_tracker.self_describing_json.SelfDescribingJson object at 0x10743d220>, <snowplow_tracker.self_describing_json.SelfDescribingJson object at 0x1072dee70>, <snowplow_tracker.self_describing_json.SelfDescribingJson object at 0x1074a4050>]}
[0m19:58:41.475796 [debug] [MainThread]: Flushing usage events
[0m19:58:41.707381 [debug] [MainThread]: An error was encountered while trying to flush usage events
[0m19:59:12.077172 [debug] [MainThread]: Sending event: {'category': 'dbt', 'action': 'invocation', 'label': 'start', 'context': [<snowplow_tracker.self_describing_json.SelfDescribingJson object at 0x107ccaa50>, <snowplow_tracker.self_describing_json.SelfDescribingJson object at 0x1091f7610>, <snowplow_tracker.self_describing_json.SelfDescribingJson object at 0x1091f7890>]}


============================== 19:59:12.078974 | a2c32342-e6b2-4c82-9293-956cb7081dcf ==============================
[0m19:59:12.078974 [info ] [MainThread]: Running with dbt=1.11.7
[0m19:59:12.079220 [debug] [MainThread]: running dbt with arguments {'warn_error_options': 'WarnErrorOptionsV2(error=[], warn=[], silence=[])', 'log_cache_events': 'False', 'debug': 'False', 'log_format': 'default', 'warn_error': 'None', 'use_colors': 'True', 'printer_width': '80', 'version_check': 'True', 'write_json': 'True', 'fail_fast': 'False', 'invocation_command': 'dbt run', 'use_experimental_parser': 'False', 'indirect_selection': 'eager', 'no_print': 'None', 'profiles_dir': '/Users/aezell/Documents/course', 'quiet': 'False', 'target_path': 'None', 'send_anonymous_usage_stats': 'True', 'partial_parse': 'True', 'introspect': 'True', 'log_path': '/Users/aezell/Documents/course/logs', 'cache_selected_only': 'False', 'empty': 'False', 'static_parser': 'True'}
[0m19:59:12.193255 [debug] [MainThread]: Snowflake adapter: Setting snowflake.connector to ERROR (file logging only)
[0m19:59:12.193467 [debug] [MainThread]: Snowflake adapter: Setting botocore to ERROR (file logging only)
[0m19:59:12.193578 [debug] [MainThread]: Snowflake adapter: Setting boto3 to ERROR (file logging only)
[0m19:59:12.218570 [warn ] [MainThread]: [[33mWARNING[0m][MissingPlusPrefixDeprecation]: Deprecated functionality
Missing '+' prefix on `src` found at `src` in file
`/Users/aezell/Documents/course/dbt_project.yml`. Hierarchical config values
without a '+' prefix are deprecated in dbt_project.yml.
[0m19:59:12.218789 [debug] [MainThread]: Sending event: {'category': 'dbt', 'action': 'deprecation', 'label': 'a2c32342-e6b2-4c82-9293-956cb7081dcf', 'property_': 'warn', 'context': [<snowplow_tracker.self_describing_json.SelfDescribingJson object at 0x10a419f30>]}
[0m19:59:12.266374 [debug] [MainThread]: Sending event: {'category': 'dbt', 'action': 'project_id', 'label': 'a2c32342-e6b2-4c82-9293-956cb7081dcf', 'context': [<snowplow_tracker.self_describing_json.SelfDescribingJson object at 0x10a466e00>]}
[0m19:59:12.291811 [debug] [MainThread]: Sending event: {'category': 'dbt', 'action': 'adapter_info', 'label': 'a2c32342-e6b2-4c82-9293-956cb7081dcf', 'context': [<snowplow_tracker.self_describing_json.SelfDescribingJson object at 0x109047c50>]}
[0m19:59:12.292158 [info ] [MainThread]: Registered adapter: snowflake=1.11.3
[0m19:59:12.331686 [debug] [MainThread]: checksum: b80718358155fc17c3559352095564dd56ada1cc1a1c0ef2e62c857e71583775, vars: {}, profile: , target: , version: 1.11.7
[0m19:59:12.353431 [debug] [MainThread]: Partial parsing enabled: 0 files deleted, 0 files added, 0 files changed.
[0m19:59:12.353599 [debug] [MainThread]: Nothing changed, skipping partial parsing.
[0m19:59:12.353690 [debug] [MainThread]: Partial parsing enabled, no changes found, skipping parsing
[0m19:59:12.353894 [warn ] [MainThread]: [[33mWARNING[0m]: Configuration paths exist in your dbt_project.yml file which do not apply to any resources.
There are 1 unused configuration paths:
- models
[0m19:59:12.355760 [debug] [MainThread]: Sending event: {'category': 'dbt', 'action': 'load_project', 'label': 'a2c32342-e6b2-4c82-9293-956cb7081dcf', 'context': [<snowplow_tracker.self_describing_json.SelfDescribingJson object at 0x10b2b4c80>]}
[0m19:59:12.371404 [debug] [MainThread]: Wrote artifact WritableManifest to /Users/aezell/Documents/course/target/manifest.json
[0m19:59:12.372302 [debug] [MainThread]: Wrote artifact SemanticManifest to /Users/aezell/Documents/course/target/semantic_manifest.json
[0m19:59:12.377606 [debug] [MainThread]: Sending event: {'category': 'dbt', 'action': 'resource_counts', 'label': 'a2c32342-e6b2-4c82-9293-956cb7081dcf', 'context': [<snowplow_tracker.self_describing_json.SelfDescribingJson object at 0x10b1f6b30>]}
[0m19:59:12.377821 [info ] [MainThread]: Found 522 macros
[0m19:59:12.377941 [debug] [MainThread]: Sending event: {'category': 'dbt', 'action': 'runnable_timing', 'label': 'a2c32342-e6b2-4c82-9293-956cb7081dcf', 'context': [<snowplow_tracker.self_describing_json.SelfDescribingJson object at 0x10b2efee0>]}
[0m19:59:12.378475 [warn ] [MainThread]: Nothing to do. Try checking your model configs and model specification args
[0m19:59:12.379270 [debug] [MainThread]: Command end result
[0m19:59:12.386334 [debug] [MainThread]: Wrote artifact WritableManifest to /Users/aezell/Documents/course/target/manifest.json
[0m19:59:12.387121 [debug] [MainThread]: Wrote artifact SemanticManifest to /Users/aezell/Documents/course/target/semantic_manifest.json
[0m19:59:12.388414 [debug] [MainThread]: Wrote artifact RunExecutionResult to /Users/aezell/Documents/course/target/run_results.json
[0m19:59:12.388627 [warn ] [MainThread]: [[33mWARNING[0m][DeprecationsSummary]: Deprecated functionality
Summary of encountered deprecations:
- MissingPlusPrefixDeprecation: 1 occurrence
To see all deprecation instances instead of just the first occurrence of each,
run command again with the `--show-all-deprecations` flag. You may also need to
run with `--no-partial-parse` as some deprecations are only encountered during
parsing.
[0m19:59:12.390051 [debug] [MainThread]: Resource report: {"command_name": "run", "command_success": true, "command_wall_clock_time": 0.3438863, "process_in_blocks": "0", "process_kernel_time": 0.14498, "process_mem_max_rss": "157990912", "process_out_blocks": "0", "process_user_time": 0.744538}
[0m19:59:12.390282 [debug] [MainThread]: Command `dbt run` succeeded at 19:59:12.390244 after 0.34 seconds
[0m19:59:12.390431 [debug] [MainThread]: Sending event: {'category': 'dbt', 'action': 'invocation', 'label': 'end', 'context': [<snowplow_tracker.self_describing_json.SelfDescribingJson object at 0x109003890>, <snowplow_tracker.self_describing_json.SelfDescribingJson object at 0x10b17cd60>, <snowplow_tracker.self_describing_json.SelfDescribingJson object at 0x10b17ccb0>]}
[0m19:59:12.390556 [debug] [MainThread]: Flushing usage events
[0m19:59:12.545414 [debug] [MainThread]: An error was encountered while trying to flush usage events
[0m20:00:13.153271 [debug] [MainThread]: Sending event: {'category': 'dbt', 'action': 'invocation', 'label': 'start', 'context': [<snowplow_tracker.self_describing_json.SelfDescribingJson object at 0x107aaaa50>, <snowplow_tracker.self_describing_json.SelfDescribingJson object at 0x108fd7610>, <snowplow_tracker.self_describing_json.SelfDescribingJson object at 0x108fd7890>]}


============================== 20:00:13.155006 | 7b222006-b0b9-4648-8f26-e23decf6f4aa ==============================
[0m20:00:13.155006 [info ] [MainThread]: Running with dbt=1.11.7
[0m20:00:13.155246 [debug] [MainThread]: running dbt with arguments {'use_experimental_parser': 'False', 'invocation_command': 'dbt run', 'profiles_dir': '/Users/aezell/Documents/course', 'no_print': 'None', 'indirect_selection': 'eager', 'static_parser': 'True', 'write_json': 'True', 'printer_width': '80', 'send_anonymous_usage_stats': 'True', 'log_cache_events': 'False', 'target_path': 'None', 'debug': 'False', 'use_colors': 'True', 'quiet': 'False', 'introspect': 'True', 'warn_error_options': 'WarnErrorOptionsV2(error=[], warn=[], silence=[])', 'partial_parse': 'True', 'log_format': 'default', 'version_check': 'True', 'fail_fast': 'False', 'warn_error': 'None', 'log_path': '/Users/aezell/Documents/course/logs', 'empty': 'False', 'cache_selected_only': 'False'}
[0m20:00:13.270766 [debug] [MainThread]: Snowflake adapter: Setting snowflake.connector to ERROR (file logging only)
[0m20:00:13.270980 [debug] [MainThread]: Snowflake adapter: Setting botocore to ERROR (file logging only)
[0m20:00:13.271101 [debug] [MainThread]: Snowflake adapter: Setting boto3 to ERROR (file logging only)
[0m20:00:13.342676 [debug] [MainThread]: Sending event: {'category': 'dbt', 'action': 'project_id', 'label': '7b222006-b0b9-4648-8f26-e23decf6f4aa', 'context': [<snowplow_tracker.self_describing_json.SelfDescribingJson object at 0x108304640>]}
[0m20:00:13.368897 [debug] [MainThread]: Sending event: {'category': 'dbt', 'action': 'adapter_info', 'label': '7b222006-b0b9-4648-8f26-e23decf6f4aa', 'context': [<snowplow_tracker.self_describing_json.SelfDescribingJson object at 0x10a246580>]}
[0m20:00:13.369215 [info ] [MainThread]: Registered adapter: snowflake=1.11.3
[0m20:00:13.406986 [debug] [MainThread]: checksum: b80718358155fc17c3559352095564dd56ada1cc1a1c0ef2e62c857e71583775, vars: {}, profile: , target: , version: 1.11.7
[0m20:00:13.421673 [info ] [MainThread]: Unable to do partial parsing because a project config has changed
[0m20:00:13.421883 [debug] [MainThread]: Sending event: {'category': 'dbt', 'action': 'partial_parser', 'label': '7b222006-b0b9-4648-8f26-e23decf6f4aa', 'context': [<snowplow_tracker.self_describing_json.SelfDescribingJson object at 0x10a025d50>]}
[0m20:00:13.685302 [warn ] [MainThread]: [[33mWARNING[0m]: Configuration paths exist in your dbt_project.yml file which do not apply to any resources.
There are 1 unused configuration paths:
- models.airbnb.src
[0m20:00:13.687020 [debug] [MainThread]: Sending event: {'category': 'dbt', 'action': 'load_project', 'label': '7b222006-b0b9-4648-8f26-e23decf6f4aa', 'context': [<snowplow_tracker.self_describing_json.SelfDescribingJson object at 0x10a0a66c0>]}
[0m20:00:13.701223 [debug] [MainThread]: Wrote artifact WritableManifest to /Users/aezell/Documents/course/target/manifest.json
[0m20:00:13.702088 [debug] [MainThread]: Wrote artifact SemanticManifest to /Users/aezell/Documents/course/target/semantic_manifest.json
[0m20:00:13.707336 [debug] [MainThread]: Sending event: {'category': 'dbt', 'action': 'resource_counts', 'label': '7b222006-b0b9-4648-8f26-e23decf6f4aa', 'context': [<snowplow_tracker.self_describing_json.SelfDescribingJson object at 0x10afd6dd0>]}
[0m20:00:13.707512 [info ] [MainThread]: Found 522 macros
[0m20:00:13.707634 [debug] [MainThread]: Sending event: {'category': 'dbt', 'action': 'runnable_timing', 'label': '7b222006-b0b9-4648-8f26-e23decf6f4aa', 'context': [<snowplow_tracker.self_describing_json.SelfDescribingJson object at 0x10b03c2c0>]}
[0m20:00:13.708180 [warn ] [MainThread]: Nothing to do. Try checking your model configs and model specification args
[0m20:00:13.708377 [debug] [MainThread]: Command end result
[0m20:00:13.715465 [debug] [MainThread]: Wrote artifact WritableManifest to /Users/aezell/Documents/course/target/manifest.json
[0m20:00:13.716096 [debug] [MainThread]: Wrote artifact SemanticManifest to /Users/aezell/Documents/course/target/semantic_manifest.json
[0m20:00:13.717600 [debug] [MainThread]: Wrote artifact RunExecutionResult to /Users/aezell/Documents/course/target/run_results.json
[0m20:00:13.719353 [debug] [MainThread]: Resource report: {"command_name": "run", "command_success": true, "command_wall_clock_time": 0.5964473, "process_in_blocks": "0", "process_kernel_time": 0.153143, "process_mem_max_rss": "159481856", "process_out_blocks": "0", "process_user_time": 0.998166}
[0m20:00:13.719620 [debug] [MainThread]: Command `dbt run` succeeded at 20:00:13.719582 after 0.60 seconds
[0m20:00:13.719794 [debug] [MainThread]: Sending event: {'category': 'dbt', 'action': 'invocation', 'label': 'end', 'context': [<snowplow_tracker.self_describing_json.SelfDescribingJson object at 0x108de3950>, <snowplow_tracker.self_describing_json.SelfDescribingJson object at 0x10afe9230>, <snowplow_tracker.self_describing_json.SelfDescribingJson object at 0x10afe9390>]}
[0m20:00:13.719931 [debug] [MainThread]: Flushing usage events
[0m20:00:13.978309 [debug] [MainThread]: An error was encountered while trying to flush usage events
[0m20:02:40.003094 [debug] [MainThread]: Sending event: {'category': 'dbt', 'action': 'invocation', 'label': 'start', 'context': [<snowplow_tracker.self_describing_json.SelfDescribingJson object at 0x105d3ea50>, <snowplow_tracker.self_describing_json.SelfDescribingJson object at 0x10726b610>, <snowplow_tracker.self_describing_json.SelfDescribingJson object at 0x10726b890>]}


============================== 20:02:40.004861 | 8a8e2cea-8443-4f1d-b2b2-7d5d6264924d ==============================
[0m20:02:40.004861 [info ] [MainThread]: Running with dbt=1.11.7
[0m20:02:40.005111 [debug] [MainThread]: running dbt with arguments {'static_parser': 'True', 'cache_selected_only': 'False', 'introspect': 'True', 'indirect_selection': 'eager', 'no_print': 'None', 'quiet': 'False', 'use_colors': 'True', 'log_format': 'default', 'use_experimental_parser': 'False', 'empty': 'False', 'write_json': 'True', 'log_path': '/Users/aezell/Documents/course/logs', 'debug': 'False', 'profiles_dir': '/Users/aezell/.dbt', 'warn_error': 'None', 'version_check': 'True', 'fail_fast': 'False', 'warn_error_options': 'WarnErrorOptionsV2(error=[], warn=[], silence=[])', 'target_path': 'None', 'log_cache_events': 'False', 'partial_parse': 'True', 'printer_width': '80', 'invocation_command': 'dbt run', 'send_anonymous_usage_stats': 'True'}
[0m20:02:40.006180 [error] [MainThread]: Encountered an error:
Runtime Error
  Could not find profile named 'airbnb'
[0m20:02:40.007291 [debug] [MainThread]: Resource report: {"command_name": "run", "command_success": false, "command_wall_clock_time": 0.033415668, "process_in_blocks": "0", "process_kernel_time": 0.087064, "process_mem_max_rss": "117096448", "process_out_blocks": "0", "process_user_time": 0.495454}
[0m20:02:40.007475 [debug] [MainThread]: Command `dbt run` failed at 20:02:40.007437 after 0.03 seconds
[0m20:02:40.007593 [debug] [MainThread]: Sending event: {'category': 'dbt', 'action': 'invocation', 'label': 'end', 'context': [<snowplow_tracker.self_describing_json.SelfDescribingJson object at 0x1072b1a70>, <snowplow_tracker.self_describing_json.SelfDescribingJson object at 0x1071530b0>, <snowplow_tracker.self_describing_json.SelfDescribingJson object at 0x10731c160>]}
[0m20:02:40.007703 [debug] [MainThread]: Flushing usage events
[0m20:02:40.265550 [debug] [MainThread]: An error was encountered while trying to flush usage events
[0m17:17:37.554931 [debug] [MainThread]: Sending event: {'category': 'dbt', 'action': 'invocation', 'label': 'start', 'context': [<snowplow_tracker.self_describing_json.SelfDescribingJson object at 0x1046aea50>, <snowplow_tracker.self_describing_json.SelfDescribingJson object at 0x105db7610>, <snowplow_tracker.self_describing_json.SelfDescribingJson object at 0x105db7890>]}


============================== 17:17:37.557625 | bf16c10a-06bd-4ed3-8d01-124466d36a1a ==============================
[0m17:17:37.557625 [info ] [MainThread]: Running with dbt=1.11.7
[0m17:17:37.557859 [debug] [MainThread]: running dbt with arguments {'introspect': 'True', 'warn_error_options': 'WarnErrorOptionsV2(error=[], warn=[], silence=[])', 'static_parser': 'True', 'log_cache_events': 'False', 'use_experimental_parser': 'False', 'invocation_command': 'dbt docs generate', 'log_format': 'default', 'no_print': 'None', 'log_path': 'logs', 'use_colors': 'True', 'printer_width': '80', 'target_path': 'None', 'profiles_dir': '/Users/aezell/.dbt', 'version_check': 'True', 'fail_fast': 'False', 'indirect_selection': 'eager', 'warn_error': 'None', 'write_json': 'True', 'send_anonymous_usage_stats': 'True', 'cache_selected_only': 'False', 'quiet': 'False', 'empty': 'None', 'partial_parse': 'True', 'debug': 'False'}
[0m17:17:37.558090 [error] [MainThread]: Encountered an error:
Runtime Error
  No dbt_project.yml found at expected path /Users/aezell/Documents/course/dbt_project.yml
  Verify that each entry within packages.yml (and their transitive dependencies) contains a file named dbt_project.yml
  
[0m17:17:37.559450 [debug] [MainThread]: Resource report: {"command_name": "generate", "command_success": false, "command_wall_clock_time": 0.037452124, "process_in_blocks": "0", "process_kernel_time": 0.106846, "process_mem_max_rss": "117440512", "process_out_blocks": "0", "process_user_time": 0.489981}
[0m17:17:37.559664 [debug] [MainThread]: Command `dbt docs generate` failed at 17:17:37.559630 after 0.04 seconds
[0m17:17:37.559779 [debug] [MainThread]: Sending event: {'category': 'dbt', 'action': 'invocation', 'label': 'end', 'context': [<snowplow_tracker.self_describing_json.SelfDescribingJson object at 0x105dfd350>, <snowplow_tracker.self_describing_json.SelfDescribingJson object at 0x105c9ee70>, <snowplow_tracker.self_describing_json.SelfDescribingJson object at 0x105e68050>]}
[0m17:17:37.559890 [debug] [MainThread]: Flushing usage events
[0m17:17:37.751609 [debug] [MainThread]: An error was encountered while trying to flush usage events
[0m15:16:16.908355 [debug] [MainThread]: Sending event: {'category': 'dbt', 'action': 'invocation', 'label': 'start', 'context': [<snowplow_tracker.self_describing_json.SelfDescribingJson object at 0x10489ea50>, <snowplow_tracker.self_describing_json.SelfDescribingJson object at 0x1063bb610>, <snowplow_tracker.self_describing_json.SelfDescribingJson object at 0x1063bb890>]}


============================== 15:16:16.910937 | fa8d1f9d-e737-4250-918b-4c3bab30bc25 ==============================
[0m15:16:16.910937 [info ] [MainThread]: Running with dbt=1.11.7
[0m15:16:16.911264 [debug] [MainThread]: running dbt with arguments {'fail_fast': 'False', 'introspect': 'True', 'debug': 'False', 'target_path': 'None', 'version_check': 'True', 'use_colors': 'True', 'write_json': 'True', 'log_cache_events': 'False', 'no_print': 'None', 'warn_error': 'None', 'static_parser': 'True', 'partial_parse': 'True', 'log_format': 'default', 'cache_selected_only': 'False', 'warn_error_options': 'WarnErrorOptionsV2(error=[], warn=[], silence=[])', 'empty': 'None', 'quiet': 'False', 'send_anonymous_usage_stats': 'True', 'use_experimental_parser': 'False', 'indirect_selection': 'eager', 'printer_width': '80', 'profiles_dir': '/Users/aezell/.dbt', 'invocation_command': 'dbt test --select dim_listings_w_hosts', 'log_path': 'logs'}
[0m15:16:16.911539 [error] [MainThread]: Encountered an error:
Runtime Error
  No dbt_project.yml found at expected path /Users/aezell/Documents/course/dbt_project.yml
  Verify that each entry within packages.yml (and their transitive dependencies) contains a file named dbt_project.yml
  
[0m15:16:16.912924 [debug] [MainThread]: Resource report: {"command_name": "test", "command_success": false, "command_wall_clock_time": 0.03563346, "process_in_blocks": "0", "process_kernel_time": 0.091533, "process_mem_max_rss": "117129216", "process_out_blocks": "0", "process_user_time": 0.487912}
[0m15:16:16.913115 [debug] [MainThread]: Command `dbt test` failed at 15:16:16.913079 after 0.04 seconds
[0m15:16:16.913244 [debug] [MainThread]: Sending event: {'category': 'dbt', 'action': 'invocation', 'label': 'end', 'context': [<snowplow_tracker.self_describing_json.SelfDescribingJson object at 0x106401220>, <snowplow_tracker.self_describing_json.SelfDescribingJson object at 0x1062a6e70>, <snowplow_tracker.self_describing_json.SelfDescribingJson object at 0x106468050>]}
[0m15:16:16.913358 [debug] [MainThread]: Flushing usage events
[0m15:16:17.031552 [debug] [MainThread]: An error was encountered while trying to flush usage events
[0m15:16:20.726679 [debug] [MainThread]: Sending event: {'category': 'dbt', 'action': 'invocation', 'label': 'start', 'context': [<snowplow_tracker.self_describing_json.SelfDescribingJson object at 0x106fd6a50>, <snowplow_tracker.self_describing_json.SelfDescribingJson object at 0x1090bb610>, <snowplow_tracker.self_describing_json.SelfDescribingJson object at 0x1090bb890>]}


============================== 15:16:20.728524 | 522d0dfb-0ba4-41c0-8ef9-ab751c7a0026 ==============================
[0m15:16:20.728524 [info ] [MainThread]: Running with dbt=1.11.7
[0m15:16:20.728775 [debug] [MainThread]: running dbt with arguments {'introspect': 'True', 'quiet': 'False', 'log_format': 'default', 'empty': 'None', 'invocation_command': 'dbt test --select dim_listings_w_hosts', 'static_parser': 'True', 'log_path': 'logs', 'fail_fast': 'False', 'indirect_selection': 'eager', 'warn_error': 'None', 'send_anonymous_usage_stats': 'True', 'warn_error_options': 'WarnErrorOptionsV2(error=[], warn=[], silence=[])', 'use_experimental_parser': 'False', 'target_path': 'None', 'debug': 'False', 'log_cache_events': 'False', 'version_check': 'True', 'no_print': 'None', 'write_json': 'True', 'profiles_dir': '/Users/aezell/.dbt', 'cache_selected_only': 'False', 'printer_width': '80', 'use_colors': 'True', 'partial_parse': 'True'}
[0m15:16:20.728993 [error] [MainThread]: Encountered an error:
Runtime Error
  No dbt_project.yml found at expected path /Users/aezell/Documents/course/dbt_project.yml
  Verify that each entry within packages.yml (and their transitive dependencies) contains a file named dbt_project.yml
  
[0m15:16:20.730122 [debug] [MainThread]: Resource report: {"command_name": "test", "command_success": false, "command_wall_clock_time": 0.03271954, "process_in_blocks": "0", "process_kernel_time": 0.087181, "process_mem_max_rss": "116703232", "process_out_blocks": "0", "process_user_time": 0.494624}
[0m15:16:20.730304 [debug] [MainThread]: Command `dbt test` failed at 15:16:20.730268 after 0.03 seconds
[0m15:16:20.730421 [debug] [MainThread]: Sending event: {'category': 'dbt', 'action': 'invocation', 'label': 'end', 'context': [<snowplow_tracker.self_describing_json.SelfDescribingJson object at 0x109101220>, <snowplow_tracker.self_describing_json.SelfDescribingJson object at 0x108ea2e70>, <snowplow_tracker.self_describing_json.SelfDescribingJson object at 0x109168050>]}
[0m15:16:20.730526 [debug] [MainThread]: Flushing usage events
[0m15:16:20.858494 [debug] [MainThread]: An error was encountered while trying to flush usage events
[0m15:44:21.937371 [debug] [MainThread]: Sending event: {'category': 'dbt', 'action': 'invocation', 'label': 'start', 'context': [<snowplow_tracker.self_describing_json.SelfDescribingJson object at 0x104be6f90>, <snowplow_tracker.self_describing_json.SelfDescribingJson object at 0x106bc79d0>, <snowplow_tracker.self_describing_json.SelfDescribingJson object at 0x106bc7b10>]}


============================== 15:44:21.955516 | 214d58f6-fee8-43a6-943d-c1d455627c64 ==============================
[0m15:44:21.955516 [info ] [MainThread]: Running with dbt=1.11.7
[0m15:44:21.955791 [debug] [MainThread]: running dbt with arguments {'quiet': 'False', 'use_experimental_parser': 'False', 'printer_width': '80', 'static_parser': 'True', 'log_cache_events': 'False', 'version_check': 'True', 'target_path': 'None', 'write_json': 'True', 'fail_fast': 'False', 'profiles_dir': '/Users/aezell/.dbt', 'log_path': 'logs', 'warn_error': 'None', 'send_anonymous_usage_stats': 'True', 'no_print': 'None', 'debug': 'False', 'indirect_selection': 'eager', 'partial_parse': 'True', 'empty': 'None', 'invocation_command': 'dbt test --select dim_listings_w_hosts', 'log_format': 'default', 'cache_selected_only': 'False', 'warn_error_options': 'WarnErrorOptionsV2(error=[], warn=[], silence=[])', 'introspect': 'True', 'use_colors': 'True'}
[0m15:44:21.956030 [error] [MainThread]: Encountered an error:
Runtime Error
  No dbt_project.yml found at expected path /Users/aezell/projects/dbt_course/dbt_project.yml
  Verify that each entry within packages.yml (and their transitive dependencies) contains a file named dbt_project.yml
  
[0m15:44:21.957540 [debug] [MainThread]: Resource report: {"command_name": "test", "command_success": false, "command_wall_clock_time": 0.055007916, "process_in_blocks": "0", "process_kernel_time": 0.268306, "process_mem_max_rss": "157417472", "process_out_blocks": "0", "process_user_time": 1.270005}
[0m15:44:21.957800 [debug] [MainThread]: Command `dbt test` failed at 15:44:21.957754 after 0.06 seconds
[0m15:44:21.957949 [debug] [MainThread]: Sending event: {'category': 'dbt', 'action': 'invocation', 'label': 'end', 'context': [<snowplow_tracker.self_describing_json.SelfDescribingJson object at 0x106bfe780>, <snowplow_tracker.self_describing_json.SelfDescribingJson object at 0x106a26d50>, <snowplow_tracker.self_describing_json.SelfDescribingJson object at 0x106c6c490>]}
[0m15:44:21.958086 [debug] [MainThread]: Flushing usage events
[0m15:44:22.099680 [debug] [MainThread]: An error was encountered while trying to flush usage events
